AR intercon rtl C:/Workspace/EMB/WB_shell/HDL/src/Intercon.vhd sub00/vhpl08 1303815800
EN intercon NULL C:/Workspace/EMB/WB_shell/HDL/src/Intercon.vhd sub00/vhpl07 1303815799
EN wb_master NULL C:/Workspace/EMB/WB_shell/HDL/src/wb_master.vhd sub00/vhpl03 1303815795
EN wrapper NULL C:/Workspace/EMB/WB_shell/HDL/src/wrapper.vhd sub00/vhpl13 1303815805
EN host NULL C:/Workspace/EMB/WB_shell/HDL/src/host.vhd sub00/vhpl05 1303815797
AR wb_master rtl C:/Workspace/EMB/WB_shell/HDL/src/wb_master.vhd sub00/vhpl04 1303815796
AR cpuinterface rtl C:/Workspace/EMB/WB_shell/HDL/src/cpuinterface.vhd sub00/vhpl02 1303815794
EN wbo NULL C:/Workspace/EMB/WB_shell/HDL/src/WBO.vhd sub00/vhpl11 1303815803
EN syscon NULL C:/Workspace/EMB/WB_shell/HDL/src/Syscon.vhd sub00/vhpl09 1303815801
AR wbo rtl C:/Workspace/EMB/WB_shell/HDL/src/WBO.vhd sub00/vhpl12 1303815804
AR syscon rtl C:/Workspace/EMB/WB_shell/HDL/src/Syscon.vhd sub00/vhpl10 1303815802
EN cpuinterface NULL C:/Workspace/EMB/WB_shell/HDL/src/cpuinterface.vhd sub00/vhpl01 1303815793
AR host rtl C:/Workspace/EMB/WB_shell/HDL/src/host.vhd sub00/vhpl06 1303815798
PH def_pkg NULL C:/Workspace/EMB/WB_shell/HDL/src/def_p.vhd sub00/vhpl00 1303815792
AR wrapper rtl C:/Workspace/EMB/WB_shell/HDL/src/wrapper.vhd sub00/vhpl14 1303815806
