V3 27
FL C:/Workspace/EMB/WB_shell/HDL/src/cpuinterface.vhd 2011/02/24.15:20:09 M.53d
EN work/CpuInterface 1303815793 \
      FL C:/Workspace/EMB/WB_shell/HDL/src/cpuinterface.vhd \
      PB ieee/std_logic_1164 1270894585 PH work/def_pkg 1303815792
AR work/CpuInterface/RTL 1303815794 \
      FL C:/Workspace/EMB/WB_shell/HDL/src/cpuinterface.vhd EN work/CpuInterface 1303815793
FL C:/Workspace/EMB/WB_shell/HDL/src/def_p.vhd 2011/02/24.16:27:26 M.53d
PH work/def_pkg 1303815792 FL C:/Workspace/EMB/WB_shell/HDL/src/def_p.vhd \
      PB ieee/std_logic_1164 1270894585
FL C:/Workspace/EMB/WB_shell/HDL/src/host.vhd 2011/04/08.12:50:40 M.53d
EN work/host 1303815797 FL C:/Workspace/EMB/WB_shell/HDL/src/host.vhd \
      PB ieee/std_logic_1164 1270894585 PH work/def_pkg 1303815792
AR work/host/RTL 1303815798 \
      FL C:/Workspace/EMB/WB_shell/HDL/src/host.vhd EN work/host 1303815797 \
      CP work/CpuInterface CP work/WB_Master
FL C:/Workspace/EMB/WB_shell/HDL/src/Intercon.vhd 2011/02/24.15:25:36 M.53d
EN work/Intercon 1303815799 FL C:/Workspace/EMB/WB_shell/HDL/src/Intercon.vhd \
      PB ieee/std_logic_1164 1270894585 PH work/def_pkg 1303815792
AR work/Intercon/RTL 1303815800 \
      FL C:/Workspace/EMB/WB_shell/HDL/src/Intercon.vhd EN work/Intercon 1303815799
FL C:/Workspace/EMB/WB_shell/HDL/src/Syscon.vhd 2011/02/24.15:02:57 M.53d
EN work/Syscon 1303815801 FL C:/Workspace/EMB/WB_shell/HDL/src/Syscon.vhd \
      PB ieee/std_logic_1164 1270894585 LB unisim PH unisim/VCOMPONENTS 1270894587
AR work/Syscon/RTL 1303815802 \
      FL C:/Workspace/EMB/WB_shell/HDL/src/Syscon.vhd EN work/Syscon 1303815801 \
      CP DCM
FL C:/Workspace/EMB/WB_shell/HDL/src/WBO.vhd 2011/04/26.13:03:06 M.53d
EN work/WBO 1303815803 FL C:/Workspace/EMB/WB_shell/HDL/src/WBO.vhd \
      PB ieee/std_logic_1164 1270894585 PH work/def_pkg 1303815792
AR work/WBO/RTL 1303815804 \
      FL C:/Workspace/EMB/WB_shell/HDL/src/WBO.vhd EN work/WBO 1303815803
FL C:/Workspace/EMB/WB_shell/HDL/src/wb_master.vhd 2011/02/17.12:51:55 M.53d
EN work/WB_Master 1303815795 FL C:/Workspace/EMB/WB_shell/HDL/src/wb_master.vhd \
      PB ieee/std_logic_1164 1270894585 PH work/def_pkg 1303815792
AR work/WB_Master/RTL 1303815796 \
      FL C:/Workspace/EMB/WB_shell/HDL/src/wb_master.vhd EN work/WB_Master 1303815795
FL C:/Workspace/EMB/WB_shell/HDL/src/wrapper.vhd 2011/04/08.12:50:49 M.53d
EN work/Wrapper 1303815805 FL C:/Workspace/EMB/WB_shell/HDL/src/wrapper.vhd \
      PB ieee/std_logic_1164 1270894585 PH work/def_pkg 1303815792
AR work/Wrapper/RTL 1303815806 \
      FL C:/Workspace/EMB/WB_shell/HDL/src/wrapper.vhd EN work/Wrapper 1303815805 \
      AR work/host/RTL 1303815798 AR work/Intercon/RTL 1303815800 \
      AR work/Syscon/RTL 1303815802 AR work/WBO/RTL 1303815804
